
=== chennai_guindy_peak_tl96  SA  x30 ===
  seed  5  SA      ₹37,806.68  (220.7s)
  seed  2  SA      ₹38,123.00  (221.2s)
  seed  4  SA      ₹38,878.87  (225.6s)
  seed 10  SA      ₹37,945.60  (227.8s)
  seed  9  SA      ₹38,752.54  (228.3s)
  seed  0  SA      ₹38,094.18  (229.7s)
  seed  6  SA      ₹40,426.69  (230.7s)
  seed  3  SA      ₹38,165.14  (230.9s)
  seed  1  SA      ₹38,788.54  (233.2s)
  seed  7  SA      ₹38,466.06  (236.4s)
  seed  8  SA      ₹37,916.92  (237.6s)
  seed 12  SA      ₹41,265.37  (177.3s)
  seed 15  SA      ₹38,317.87  (177.3s)
  seed 13  SA      ₹37,552.96  (184.8s)
  seed 11  SA      ₹39,087.40  (190.0s)
  seed 19  SA      ₹37,962.78  (178.3s)
  seed 16  SA      ₹38,774.77  (181.9s)
  seed 14  SA      ₹39,511.09  (184.2s)
  seed 21  SA      ₹39,188.28  (175.4s)
  seed 18  SA      ₹38,676.67  (184.4s)
  seed 17  SA      ₹38,250.20  (187.7s)
  seed 20  SA      ₹39,032.01  (182.1s)
  seed 22  SA      ₹38,756.93  (113.9s)
  seed 25  SA      ₹39,012.26  (114.8s)
  seed 27  SA      ₹38,055.65  (120.9s)
  seed 24  SA      ₹39,056.01  (125.0s)
  seed 23  SA      ₹38,231.25  (129.8s)
  seed 26  SA      ₹37,948.96  (124.4s)
  seed 29  SA      ₹38,289.28  (124.0s)
  seed 28  SA      ₹37,916.83  (133.7s)

chennai_guindy_peak_tl96  [SA]  n=30  (INR)
  min ₹37,552.96   median ₹38,391.96   mean ₹38,608.36   95% CI [₹38,326.80, ₹38,889.92]
  mean runtime 183.7 s   all feasible: True
