
=== chennai_guindy_peak  GA  x30 ===
  seed  6  GA      ₹45,282.50  (557.5s)
  seed  1  GA      ₹44,139.45  (558.4s)
  seed  3  GA      ₹44,497.44  (558.4s)
  seed  0  GA      ₹45,468.02  (560.4s)
  seed 10  GA      ₹44,219.63  (561.7s)
  seed  8  GA      ₹44,828.45  (563.3s)
  seed  2  GA      ₹44,752.77  (563.5s)
  seed  5  GA      ₹45,952.70  (563.9s)
  seed  9  GA      ₹43,871.40  (564.9s)
  seed  4  GA      ₹46,174.81  (566.1s)
  seed  7  GA      ₹43,639.36  (571.6s)
  seed 12  GA      ₹46,152.15  (557.1s)
  seed 11  GA      ₹46,877.53  (558.5s)
  seed 13  GA      ₹45,202.75  (559.1s)
  seed 14  GA      ₹45,993.81  (559.9s)
  seed 17  GA      ₹44,977.02  (557.0s)
  seed 16  GA      ₹44,326.86  (560.1s)
  seed 15  GA      ₹46,909.06  (563.0s)
  seed 19  GA      ₹45,119.58  (559.9s)
  seed 20  GA      ₹44,973.77  (559.7s)
  seed 18  GA      ₹43,256.16  (563.6s)
  seed 21  GA      ₹45,947.87  (562.4s)
  seed 22  GA      ₹46,532.58  (398.4s)
  seed 23  GA      ₹44,015.37  (401.9s)
  seed 25  GA      ₹46,055.99  (399.4s)
  seed 24  GA      ₹44,639.25  (402.6s)
  seed 26  GA      ₹46,971.93  (402.8s)
  seed 27  GA      ₹44,063.68  (400.0s)
  seed 29  GA      ₹44,031.10  (400.6s)
  seed 28  GA      ₹47,089.39  (401.6s)

chennai_guindy_peak  [GA]  n=30  (INR)
  min ₹43,256.16   median ₹45,048.30   mean ₹45,198.75   95% CI [₹44,806.82, ₹45,590.67]
  mean runtime 518.6 s   all feasible: True
