
=== chennai_guindy  GA  x30 ===
  seed  4  GA      ₹35,866.97  (749.1s)
  seed  1  GA      ₹35,398.84  (749.8s)
  seed  8  GA      ₹34,914.98  (750.5s)
  seed  2  GA      ₹34,902.84  (753.0s)
  seed  0  GA      ₹33,876.15  (753.1s)
  seed  7  GA      ₹34,817.34  (753.4s)
  seed  6  GA      ₹34,678.26  (754.5s)
  seed  3  GA      ₹35,364.39  (755.1s)
  seed  9  GA      ₹35,693.27  (755.2s)
  seed 10  GA      ₹33,846.30  (756.4s)
  seed  5  GA      ₹36,593.84  (759.0s)
  seed 18  GA      ₹35,360.21  (567.3s)
  seed 16  GA      ₹36,378.22  (569.7s)
  seed 12  GA      ₹34,905.66  (574.5s)
  seed 19  GA      ₹35,346.23  (569.2s)
  seed 15  GA      ₹33,597.28  (572.4s)
  seed 11  GA      ₹35,534.67  (577.7s)
  seed 17  GA      ₹35,756.58  (573.4s)
  seed 13  GA      ₹33,689.20  (577.5s)
  seed 20  GA      ₹34,090.80  (573.1s)
  seed 14  GA      ₹34,459.31  (578.0s)
  seed 21  GA      ₹35,474.25  (572.9s)
  seed 23  GA      ₹35,251.77  (405.0s)
  seed 22  GA      ₹33,928.55  (409.4s)
  seed 25  GA      ₹35,203.56  (407.4s)
  seed 26  GA      ₹35,281.42  (408.2s)
  seed 24  GA      ₹34,836.85  (411.4s)
  seed 27  GA      ₹34,824.39  (409.1s)
  seed 28  GA      ₹34,703.95  (408.5s)
  seed 29  GA      ₹34,064.44  (408.8s)

chennai_guindy  [GA]  n=30  (INR)
  min ₹33,597.28   median ₹34,910.32   mean ₹34,954.69   95% CI [₹34,679.51, ₹35,229.86]
  mean runtime 595.4 s   all feasible: True
