
=== chennai_guindy  SA  x30 ===
  seed  5  SA      ₹30,355.94  (247.1s)
  seed  1  SA      ₹29,880.60  (262.5s)
  seed  0  SA      ₹30,224.45  (265.9s)
  seed  8  SA      ₹30,099.54  (273.2s)
  seed 10  SA      ₹29,939.88  (274.8s)
  seed  3  SA      ₹30,734.51  (275.4s)
  seed  4  SA      ₹29,990.71  (275.7s)
  seed  2  SA      ₹30,018.87  (278.0s)
  seed  6  SA      ₹30,795.52  (281.5s)
  seed  7  SA      ₹29,713.15  (284.7s)
  seed  9  SA      ₹30,336.90  (299.8s)
  seed 11  SA      ₹30,089.02  (256.4s)
  seed 12  SA      ₹30,215.90  (244.6s)
  seed 20  SA      ₹30,236.24  (222.3s)
  seed 15  SA      ₹29,982.53  (232.9s)
  seed 19  SA      ₹30,636.27  (228.7s)
  seed 14  SA      ₹30,958.88  (239.5s)
  seed 17  SA      ₹29,708.34  (240.0s)
  seed 13  SA      ₹29,781.38  (251.6s)
  seed 18  SA      ₹29,890.75  (242.8s)
  seed 16  SA      ₹29,250.84  (248.6s)
  seed 21  SA      ₹29,936.73  (231.3s)
  seed 22  SA      ₹29,702.58  (150.5s)
  seed 25  SA      ₹30,132.30  (157.2s)
  seed 24  SA      ₹30,009.89  (159.3s)
  seed 23  SA      ₹29,984.56  (159.7s)
  seed 28  SA      ₹30,293.38  (151.8s)
  seed 26  SA      ₹29,390.73  (157.5s)
  seed 29  SA      ₹30,340.05  (152.9s)
  seed 27  SA      ₹29,741.21  (161.2s)

chennai_guindy  [SA]  n=30  (INR)
  min ₹29,250.84   median ₹30,014.38   mean ₹30,079.05   95% CI [₹29,941.63, ₹30,216.48]
  mean runtime 230.3 s   all feasible: True
