
=== chennai_guindy_peak  SA  x30 ===
  seed  0  SA      ₹38,841.92  (100.0s)
  seed  2  SA      ₹38,124.63  (103.4s)
  seed  1  SA      ₹38,533.61  (105.8s)
  seed  4  SA      ₹38,517.89  (106.2s)
  seed 10  SA      ₹37,996.57  (107.7s)
  seed  5  SA      ₹38,515.39  (108.3s)
  seed  8  SA      ₹38,978.38  (108.8s)
  seed  6  SA      ₹38,814.50  (110.4s)
  seed  9  SA      ₹38,615.51  (113.8s)
  seed  7  SA      ₹38,870.07  (115.1s)
  seed  3  SA      ₹38,237.87  (116.0s)
  seed 12  SA      ₹37,590.93  (99.0s)
  seed 16  SA      ₹38,845.54  (103.0s)
  seed 11  SA      ₹38,587.68  (113.3s)
  seed 13  SA      ₹38,772.78  (111.8s)
  seed 17  SA      ₹38,907.52  (111.2s)
  seed 15  SA      ₹39,108.21  (113.5s)
  seed 14  SA      ₹38,498.77  (116.0s)
  seed 21  SA      ₹38,381.28  (108.4s)
  seed 20  SA      ₹37,378.69  (110.3s)
  seed 18  SA      ₹37,864.03  (115.7s)
  seed 19  SA      ₹38,420.00  (112.7s)
  seed 22  SA      ₹38,203.24  (84.9s)
  seed 23  SA      ₹38,731.49  (78.8s)
  seed 28  SA      ₹39,651.40  (69.9s)
  seed 24  SA      ₹39,307.13  (81.2s)
  seed 25  SA      ₹38,857.83  (78.4s)
  seed 29  SA      ₹38,241.50  (72.7s)
  seed 26  SA      ₹39,067.57  (79.1s)
  seed 27  SA      ₹37,946.60  (78.7s)

chennai_guindy_peak  [SA]  n=30  (INR)
  min ₹37,378.69   median ₹38,560.64   mean ₹38,546.95   95% CI [₹38,368.87, ₹38,725.03]
  mean runtime 101.1 s   all feasible: True
