
=== chennai_guindy_peak_tl96  GA  x30 ===
  seed  6  GA      ₹47,442.71  (1657.7s)
  seed  5  GA      ₹48,234.25  (1658.9s)
  seed 10  GA      ₹47,636.73  (1660.4s)
  seed  8  GA      ₹51,699.96  (1662.9s)
  seed  9  GA      ₹54,421.22  (1663.7s)
  seed  0  GA      ₹45,138.25  (1665.9s)
  seed  1  GA      ₹48,259.80  (1666.2s)
  seed  2  GA      ₹48,321.43  (1667.2s)
  seed  3  GA      ₹51,582.77  (1667.2s)
  seed  4  GA      ₹50,001.29  (1669.3s)
  seed  7  GA      ₹49,199.72  (1681.4s)
  seed 11  GA      ₹47,985.62  (1347.9s)
  seed 13  GA      ₹49,627.08  (1346.5s)
  seed 18  GA      ₹48,624.05  (1353.4s)
  seed 14  GA      ₹48,443.14  (1358.3s)
  seed 15  GA      ₹47,084.67  (1357.6s)
  seed 16  GA      ₹48,041.13  (1358.3s)
  seed 19  GA      ₹49,032.34  (1357.4s)
  seed 12  GA      ₹52,674.84  (1366.3s)
  seed 20  GA      ₹48,800.24  (1360.0s)
  seed 17  GA      ₹50,213.51  (1365.7s)
  seed 21  GA      ₹48,218.31  (1366.0s)
  seed 23  GA      ₹48,147.99  (763.6s)
  seed 22  GA      ₹49,299.25  (766.1s)
  seed 26  GA      ₹51,548.18  (754.1s)
  seed 24  GA      ₹46,400.82  (757.1s)
  seed 25  GA      ₹44,295.91  (761.4s)
  seed 28  GA      ₹50,538.03  (760.2s)
  seed 29  GA      ₹47,391.95  (759.4s)
  seed 27  GA      ₹49,303.15  (761.6s)

chennai_guindy_peak_tl96  [GA]  n=30  (INR)
  min ₹44,295.91   median ₹48,533.59   mean ₹48,920.28   95% CI [₹48,167.54, ₹49,673.02]
  mean runtime 1311.4 s   all feasible: False
