
=== chennai_guindy  SA  x30 ===
  seed  6  SA    228.69  (42.9s)
  seed  0  SA    231.05  (43.2s)
  seed  7  SA    230.67  (45.0s)
  seed  5  SA    236.04  (45.2s)
  seed  9  SA    227.42  (45.6s)
  seed  8  SA    224.68  (45.9s)
  seed  2  SA    226.08  (46.1s)
  seed  1  SA    232.82  (46.3s)
  seed 10  SA    225.76  (47.3s)
  seed  3  SA    237.83  (47.8s)
  seed  4  SA    238.68  (48.6s)
  seed 12  SA    229.23  (43.1s)
  seed 13  SA    232.17  (44.0s)
  seed 11  SA    238.00  (47.6s)
  seed 16  SA    227.20  (44.6s)
  seed 14  SA    228.75  (45.9s)
  seed 19  SA    225.34  (44.1s)
  seed 20  SA    224.56  (43.9s)
  seed 15  SA    225.18  (47.1s)
  seed 17  SA    240.39  (47.1s)
  seed 18  SA    232.26  (47.1s)
  seed 21  SA    232.12  (45.5s)
  seed 23  SA    234.32  (34.8s)
  seed 24  SA    228.07  (33.8s)
  seed 25  SA    226.48  (34.0s)
  seed 27  SA    226.77  (33.5s)
  seed 22  SA    223.76  (39.0s)
  seed 28  SA    223.72  (33.6s)
  seed 26  SA    226.97  (34.2s)
  seed 29  SA    226.81  (33.0s)

chennai_guindy  [SA]  n=30
  min   223.72   median   228.38   mean   229.73   95% CI [228.02, 231.44]
  mean runtime 42.7 s   all feasible: True

=== chennai_guindy  GA  x30 ===
  seed  3  GA    280.15  (233.0s)
  seed  0  GA    280.05  (233.0s)
  seed  5  GA    283.91  (234.1s)
  seed  2  GA    274.67  (234.5s)
  seed  1  GA    274.17  (234.7s)
  seed  7  GA    278.57  (234.8s)
  seed  6  GA    280.03  (235.3s)
  seed 10  GA    285.98  (236.3s)
  seed  9  GA    269.12  (236.9s)
  seed  8  GA    278.75  (240.3s)
  seed  4  GA    276.81  (242.4s)
  seed 11  GA    282.50  (229.7s)
  seed 12  GA    280.29  (230.9s)
  seed 14  GA    280.57  (233.0s)
  seed 18  GA    279.10  (231.8s)
  seed 17  GA    277.50  (234.6s)
  seed 16  GA    297.66  (235.1s)
  seed 19  GA    275.01  (234.4s)
  seed 15  GA    281.25  (237.8s)
  seed 13  GA    277.08  (238.4s)
  seed 20  GA    269.36  (239.5s)
  seed 21  GA    284.02  (238.8s)
  seed 22  GA    295.00  (185.5s)
  seed 24  GA    282.90  (183.0s)
  seed 23  GA    276.45  (188.5s)
  seed 25  GA    277.17  (184.6s)
  seed 26  GA    284.39  (184.2s)
  seed 28  GA    276.89  (183.5s)
  seed 27  GA    268.20  (185.3s)
  seed 29  GA    272.11  (184.2s)

chennai_guindy  [GA]  n=30
  min   268.20   median   278.93   mean   279.32   95% CI [277.01, 281.63]
  mean runtime 221.9 s   all feasible: True
