
=== chennai_guindy  GA  x30 ===
  seed  6  GA    279.62  (257.6s)
  seed  5  GA    283.91  (258.2s)
  seed  4  GA    276.81  (258.5s)
  seed  7  GA    278.19  (258.6s)
  seed  3  GA    280.15  (258.8s)
  seed  1  GA    271.61  (260.1s)
  seed  8  GA    276.81  (260.5s)
  seed 10  GA    285.98  (261.1s)
  seed  9  GA    269.12  (261.1s)
  seed  2  GA    273.28  (267.0s)
  seed  0  GA    279.04  (267.8s)
  seed 11  GA    281.49  (250.4s)
  seed 15  GA    281.25  (251.9s)
  seed 14  GA    280.57  (252.8s)
  seed 13  GA    276.21  (253.1s)
  seed 12  GA    280.29  (253.4s)
  seed 16  GA    297.04  (252.2s)
  seed 18  GA    279.10  (253.4s)
  seed 19  GA    275.01  (254.2s)
  seed 17  GA    277.50  (262.0s)
  seed 21  GA    284.02  (260.1s)
  seed 20  GA    269.36  (261.7s)
  seed 22  GA    295.00  (194.0s)
  seed 23  GA    276.45  (194.6s)
  seed 26  GA    284.39  (193.9s)
  seed 24  GA    281.90  (195.0s)
  seed 27  GA    268.20  (194.6s)
  seed 25  GA    272.02  (195.2s)
  seed 29  GA    269.40  (193.2s)
  seed 28  GA    276.89  (194.7s)

chennai_guindy  [GA]  n=30
  min   268.20   median   278.61   mean   278.69   95% CI [276.28, 281.10]
  mean runtime 241.0 s   all feasible: True
